// Jest Snapshot v1, https://goo.gl/fbAQLP

exports[`form container Component matches snapshot 1`] = `
<DocumentFragment>
  <div
    class="form-container container"
  >
    <div
      class="justify-content-md-center  row"
    >
      <div
        class="col-md-6 col-12"
      />
    </div>
  </div>
</DocumentFragment>
`;
