// Jest Snapshot v1, https://goo.gl/fbAQLP

exports[`Modalbox container Component matches snapshot 1`] = `<DocumentFragment />`;
